// Jest Snapshot v1, https://jestjs.io/docs/snapshot-testing

exports[`Legado — calcula-apto (characterization) congela o comportamento atual da pontuacao de aptidao 1`] = `
[
  {
    "campos": {
      "cadastro.canalEntrada": "kXNTyS",
      "cadastro.nome": "eIlgMY",
      "endereco.cep": "iuibzD",
      "endereco.cidade": "GoIaHu",
      "endereco.uf": "AM",
    },
    "caso": 1,
    "origem": undefined,
    "saida": "REVISAR",
    "tipoPessoa": "F",
  },
  {
    "campos": {
      "cadastro.nome": "QMSrWi",
      "contato.email": "a@hotmail.com",
      "endereco.cep": "ghZwoX",
      "endereco.uf": "SP",
    },
    "caso": 2,
    "origem": undefined,
    "saida": "REVISAR",
    "tipoPessoa": "J",
  },
  {
    "campos": {
      "cadastro.canalEntrada": "iWaGtO",
      "cadastro.nome": "grEHSB",
      "contato.email": "b@bol.com.br",
      "endereco.cep": "HiDTUt",
      "endereco.cidade": "IPyDQR",
    },
    "caso": 3,
    "origem": "cliente:app",
    "saida": "REVISAR",
    "tipoPessoa": "J",
  },
  {
    "campos": {
      "cadastro.nome": "QOnccs",
      "contato.email": "a@hotmail.com",
      "contato.telefone": "HIFlRU",
      "endereco.cep": "bJVpNZ",
      "endereco.uf": "AM",
    },
    "caso": 4,
    "origem": "provedor:birô",
    "saida": "REVISAR",
    "tipoPessoa": "F",
  },
  {
    "campos": {
      "cadastro.canalEntrada": "hAONXF",
      "cadastro.nome": "BcbqdF",
      "contato.email": "c@exemplo.test",
      "contato.telefone": "lGIRVq",
      "endereco.cep": "AiPgcq",
      "endereco.cidade": "VBAqht",
      "endereco.uf": "RR",
    },
    "caso": 5,
    "origem": undefined,
    "saida": "APTO",
    "tipoPessoa": "F",
  },
  {
    "campos": {
      "cadastro.canalEntrada": "QhbaLv",
      "cadastro.nome": "jlVHny",
      "endereco.cep": "Lrdmdz",
      "endereco.cidade": "XJxWMT",
    },
    "caso": 6,
    "origem": "cliente:app",
    "saida": "REVISAR",
    "tipoPessoa": "F",
  },
  {
    "campos": {
      "cadastro.canalEntrada": "BeUILX",
      "contato.email": "a@hotmail.com",
      "contato.telefone": "HkVIWj",
      "endereco.cep": "kCAgXm",
      "endereco.uf": "BA",
    },
    "caso": 7,
    "origem": "provedor:birô",
    "saida": "INAPTO",
    "tipoPessoa": "F",
  },
  {
    "campos": {
      "cadastro.canalEntrada": "yYfKEj",
      "cadastro.nome": "cGIxuM",
      "contato.telefone": "ftwByj",
      "endereco.cidade": "KGfvvi",
      "endereco.uf": "AM",
    },
    "caso": 8,
    "origem": "provedor:birô",
    "saida": "REVISAR",
    "tipoPessoa": "J",
  },
  {
    "campos": {
      "contato.email": "a@hotmail.com",
      "endereco.cep": "ZQSjDX",
      "endereco.cidade": "uQgaLq",
    },
    "caso": 9,
    "origem": "provedor:birô",
    "saida": "INAPTO",
    "tipoPessoa": "J",
  },
  {
    "campos": {
      "cadastro.canalEntrada": "tktToI",
      "contato.email": "a@hotmail.com",
      "contato.telefone": "WGXYgn",
      "endereco.cep": "wuUIql",
      "endereco.cidade": "AfScTs",
      "endereco.uf": "RJ",
    },
    "caso": 10,
    "origem": "provedor:birô",
    "saida": "REVISAR",
    "tipoPessoa": "J",
  },
  {
    "campos": {
      "cadastro.canalEntrada": "vDiHBy",
      "contato.telefone": "tNaslS",
      "endereco.cep": "GyGjmG",
      "endereco.cidade": "isIitn",
    },
    "caso": 11,
    "origem": undefined,
    "saida": "REVISAR",
    "tipoPessoa": "J",
  },
  {
    "campos": {
      "cadastro.canalEntrada": "GxvTvS",
      "contato.email": "a@hotmail.com",
      "contato.telefone": "wpywJh",
      "endereco.cidade": "ujXjIq",
      "endereco.uf": "RJ",
    },
    "caso": 12,
    "origem": undefined,
    "saida": "INAPTO",
    "tipoPessoa": "F",
  },
  {
    "campos": {
      "cadastro.canalEntrada": "iPCJdZ",
      "contato.telefone": "vdsEIB",
      "endereco.cep": "RBCJrG",
      "endereco.cidade": "YcEzaH",
      "endereco.uf": "BA",
    },
    "caso": 13,
    "origem": "cliente:app",
    "saida": "REVISAR",
    "tipoPessoa": "F",
  },
  {
    "campos": {
      "cadastro.canalEntrada": "yoLVqO",
      "cadastro.nome": "xqEKgT",
      "contato.telefone": "gITsel",
      "endereco.cep": "FXOhXq",
      "endereco.uf": "AM",
    },
    "caso": 14,
    "origem": "cliente:app",
    "saida": "REVISAR",
    "tipoPessoa": "J",
  },
  {
    "campos": {
      "cadastro.canalEntrada": "FJgunl",
      "contato.telefone": "GyXjDb",
    },
    "caso": 15,
    "origem": "provedor:birô",
    "saida": "INAPTO",
    "tipoPessoa": "J",
  },
  {
    "campos": {
      "cadastro.canalEntrada": "rLcABk",
      "endereco.cep": "XALTCq",
      "endereco.cidade": "gXEslu",
      "endereco.uf": "AM",
    },
    "caso": 16,
    "origem": "cliente:app",
    "saida": "INAPTO",
    "tipoPessoa": "F",
  },
  {
    "campos": {
      "cadastro.canalEntrada": "NEMcBS",
      "cadastro.nome": "nIIPhN",
      "contato.email": "b@bol.com.br",
      "contato.telefone": "mzvolh",
      "endereco.cep": "wGAXaM",
      "endereco.cidade": "iYwiwI",
    },
    "caso": 17,
    "origem": "cliente:app",
    "saida": "APTO",
    "tipoPessoa": "J",
  },
  {
    "campos": {
      "cadastro.nome": "Mdplpc",
      "contato.email": "b@bol.com.br",
      "contato.telefone": "TnjsQZ",
      "endereco.cep": "aLBXNB",
      "endereco.cidade": "uyVtnm",
      "endereco.uf": "BA",
    },
    "caso": 18,
    "origem": "cliente:app",
    "saida": "REVISAR",
    "tipoPessoa": "F",
  },
  {
    "campos": {
      "cadastro.canalEntrada": "ojnQoE",
      "cadastro.nome": "ZfgmjO",
      "contato.telefone": "fkcPSE",
      "endereco.cidade": "DXaNKg",
    },
    "caso": 19,
    "origem": undefined,
    "saida": "REVISAR",
    "tipoPessoa": "J",
  },
  {
    "campos": {
      "cadastro.canalEntrada": "wMFClr",
      "endereco.cep": "ZryoXm",
    },
    "caso": 20,
    "origem": undefined,
    "saida": "INAPTO",
    "tipoPessoa": "F",
  },
  {
    "campos": {
      "cadastro.canalEntrada": "PdXhWM",
      "cadastro.nome": "sPQtmo",
      "contato.email": "c@exemplo.test",
      "contato.telefone": "dBdGhO",
      "endereco.cidade": "HtZLkM",
      "endereco.uf": "SP",
    },
    "caso": 21,
    "origem": "cliente:app",
    "saida": "REVISAR",
    "tipoPessoa": "F",
  },
  {
    "campos": {
      "cadastro.nome": "gmdhfn",
      "contato.telefone": "dpgcZY",
      "endereco.cep": "zFPuNi",
      "endereco.uf": "RJ",
    },
    "caso": 22,
    "origem": "cliente:app",
    "saida": "REVISAR",
    "tipoPessoa": "F",
  },
  {
    "campos": {
      "cadastro.canalEntrada": "gfWLRU",
      "cadastro.nome": "wYAHbF",
      "contato.telefone": "IPnuPE",
      "endereco.cep": "tSSaSr",
      "endereco.cidade": "KFXwSP",
    },
    "caso": 23,
    "origem": "cliente:app",
    "saida": "REVISAR",
    "tipoPessoa": "J",
  },
  {
    "campos": {
      "cadastro.nome": "qdzNcM",
      "endereco.uf": "RJ",
    },
    "caso": 24,
    "origem": "provedor:birô",
    "saida": "INAPTO",
    "tipoPessoa": "J",
  },
  {
    "campos": {
      "cadastro.canalEntrada": "NyccYt",
      "cadastro.nome": "psQZPa",
      "contato.telefone": "ZBSjCJ",
      "endereco.cidade": "OrDywp",
      "endereco.uf": "RJ",
    },
    "caso": 25,
    "origem": "cliente:app",
    "saida": "REVISAR",
    "tipoPessoa": "F",
  },
  {
    "campos": {
      "cadastro.canalEntrada": "jxCIur",
      "contato.email": "a@hotmail.com",
      "contato.telefone": "gFIrqz",
      "endereco.cep": "sbjcos",
      "endereco.cidade": "LFEzOd",
    },
    "caso": 26,
    "origem": "cliente:app",
    "saida": "REVISAR",
    "tipoPessoa": "F",
  },
  {
    "campos": {
      "cadastro.nome": "yOQUCb",
      "contato.email": "b@bol.com.br",
      "contato.telefone": "paotfr",
    },
    "caso": 27,
    "origem": "provedor:birô",
    "saida": "INAPTO",
    "tipoPessoa": "F",
  },
  {
    "campos": {
      "cadastro.canalEntrada": "dyiDxq",
      "contato.email": "c@exemplo.test",
      "endereco.cep": "tnhjmG",
      "endereco.cidade": "XnJZsH",
    },
    "caso": 28,
    "origem": "cliente:app",
    "saida": "REVISAR",
    "tipoPessoa": "J",
  },
  {
    "campos": {
      "cadastro.canalEntrada": "lhZhtC",
      "contato.email": "b@bol.com.br",
      "contato.telefone": "CRzGBe",
      "endereco.cidade": "FEfVRg",
      "endereco.uf": "RR",
    },
    "caso": 29,
    "origem": "cliente:app",
    "saida": "REVISAR",
    "tipoPessoa": "J",
  },
  {
    "campos": {
      "cadastro.canalEntrada": "CvqKUc",
      "contato.email": "c@exemplo.test",
      "contato.telefone": "ExOypK",
      "endereco.cidade": "PZlfdB",
    },
    "caso": 30,
    "origem": "provedor:birô",
    "saida": "INAPTO",
    "tipoPessoa": "F",
  },
  {
    "campos": {
      "cadastro.canalEntrada": "irfMVn",
      "cadastro.nome": "GAVgVS",
      "contato.email": "b@bol.com.br",
      "contato.telefone": "dWwEpf",
      "endereco.cep": "TxZWsN",
      "endereco.cidade": "foUqVS",
      "endereco.uf": "RR",
    },
    "caso": 31,
    "origem": "provedor:birô",
    "saida": "REVISAR",
    "tipoPessoa": "F",
  },
  {
    "campos": {
      "cadastro.nome": "NAkuuy",
      "contato.email": "c@exemplo.test",
      "contato.telefone": "FSNylS",
      "endereco.cep": "iuJehe",
      "endereco.cidade": "CppQdw",
      "endereco.uf": "AM",
    },
    "caso": 32,
    "origem": "provedor:birô",
    "saida": "REVISAR",
    "tipoPessoa": "F",
  },
  {
    "campos": {
      "cadastro.nome": "jngxnY",
      "contato.email": "c@exemplo.test",
      "endereco.cep": "qEsewo",
      "endereco.uf": "AM",
    },
    "caso": 33,
    "origem": undefined,
    "saida": "REVISAR",
    "tipoPessoa": "F",
  },
  {
    "campos": {
      "cadastro.canalEntrada": "mVnPsw",
      "cadastro.nome": "TxxrQD",
      "contato.email": "a@hotmail.com",
      "contato.telefone": "pDdgKK",
      "endereco.cep": "tcZjYu",
      "endereco.cidade": "uhneFy",
      "endereco.uf": "RJ",
    },
    "caso": 34,
    "origem": undefined,
    "saida": "APTO",
    "tipoPessoa": "J",
  },
  {
    "campos": {
      "cadastro.canalEntrada": "dqpkZq",
      "cadastro.nome": "pyjeZq",
      "contato.email": "a@hotmail.com",
      "endereco.cidade": "zEZCoH",
      "endereco.uf": "RJ",
    },
    "caso": 35,
    "origem": undefined,
    "saida": "REVISAR",
    "tipoPessoa": "F",
  },
  {
    "campos": {
      "cadastro.canalEntrada": "wDaSJO",
      "contato.email": "b@bol.com.br",
      "contato.telefone": "tctaPw",
      "endereco.cep": "ZeJLtI",
      "endereco.cidade": "WtpwNN",
      "endereco.uf": "RR",
    },
    "caso": 36,
    "origem": undefined,
    "saida": "REVISAR",
    "tipoPessoa": "J",
  },
  {
    "campos": {
      "cadastro.canalEntrada": "cnTKGd",
      "cadastro.nome": "aZtvQl",
      "contato.email": "b@bol.com.br",
      "endereco.cep": "YBdsMG",
      "endereco.cidade": "MPbVmw",
    },
    "caso": 37,
    "origem": "cliente:app",
    "saida": "REVISAR",
    "tipoPessoa": "J",
  },
  {
    "campos": {
      "cadastro.nome": "WGKeDn",
      "contato.email": "c@exemplo.test",
      "contato.telefone": "ycNhEW",
      "endereco.cep": "Zmcbhy",
      "endereco.cidade": "sRKZnR",
      "endereco.uf": "RJ",
    },
    "caso": 38,
    "origem": "cliente:app",
    "saida": "REVISAR",
    "tipoPessoa": "F",
  },
  {
    "campos": {
      "cadastro.canalEntrada": "VOfhOM",
      "cadastro.nome": "ARxzkW",
      "contato.email": "b@bol.com.br",
      "contato.telefone": "NJRwdO",
      "endereco.cep": "SiNJdG",
      "endereco.cidade": "fBsSQp",
      "endereco.uf": "SP",
    },
    "caso": 39,
    "origem": "cliente:app",
    "saida": "REVISAR",
    "tipoPessoa": "F",
  },
  {
    "campos": {
      "cadastro.canalEntrada": "wlmFgg",
      "cadastro.nome": "uByhzw",
      "contato.email": "a@hotmail.com",
      "endereco.cep": "RrKSDd",
      "endereco.uf": "RJ",
    },
    "caso": 40,
    "origem": undefined,
    "saida": "REVISAR",
    "tipoPessoa": "F",
  },
  {
    "campos": {
      "cadastro.canalEntrada": "lfMFui",
      "cadastro.nome": "MqVdAn",
      "contato.email": "a@hotmail.com",
      "endereco.cep": "OcbJTU",
      "endereco.cidade": "pXIWWR",
    },
    "caso": 41,
    "origem": "provedor:birô",
    "saida": "REVISAR",
    "tipoPessoa": "J",
  },
  {
    "campos": {
      "cadastro.canalEntrada": "NTtGtm",
      "cadastro.nome": "wdIUGS",
      "contato.telefone": "VqwQvv",
      "endereco.cidade": "XItKWj",
      "endereco.uf": "RJ",
    },
    "caso": 42,
    "origem": "provedor:birô",
    "saida": "REVISAR",
    "tipoPessoa": "F",
  },
  {
    "campos": {
      "cadastro.canalEntrada": "oKLElt",
      "cadastro.nome": "SPsiGX",
      "contato.email": "c@exemplo.test",
      "endereco.cep": "EmIKwC",
      "endereco.cidade": "LlhLXw",
      "endereco.uf": "AM",
    },
    "caso": 43,
    "origem": undefined,
    "saida": "REVISAR",
    "tipoPessoa": "F",
  },
  {
    "campos": {
      "cadastro.canalEntrada": "ihhcpo",
      "contato.email": "b@bol.com.br",
      "contato.telefone": "RGsXwW",
      "endereco.cep": "eIzJeq",
      "endereco.cidade": "XIKSue",
    },
    "caso": 44,
    "origem": "cliente:app",
    "saida": "REVISAR",
    "tipoPessoa": "J",
  },
  {
    "campos": {
      "cadastro.canalEntrada": "VmHREf",
      "cadastro.nome": "qXexma",
      "contato.telefone": "BCPJxi",
      "endereco.cep": "QtsYWM",
      "endereco.uf": "RR",
    },
    "caso": 45,
    "origem": "provedor:birô",
    "saida": "REVISAR",
    "tipoPessoa": "F",
  },
  {
    "campos": {
      "cadastro.canalEntrada": "BzMxSV",
      "cadastro.nome": "RkqpHu",
      "contato.email": "a@hotmail.com",
      "endereco.cep": "mdYJvI",
      "endereco.cidade": "TYJmpw",
    },
    "caso": 46,
    "origem": "cliente:app",
    "saida": "REVISAR",
    "tipoPessoa": "F",
  },
  {
    "campos": {
      "cadastro.canalEntrada": "hoeZQC",
      "cadastro.nome": "CUNpuI",
      "contato.email": "a@hotmail.com",
      "contato.telefone": "oXWyLs",
      "endereco.cep": "eTEihL",
      "endereco.cidade": "ExsZGc",
    },
    "caso": 47,
    "origem": "provedor:birô",
    "saida": "REVISAR",
    "tipoPessoa": "J",
  },
  {
    "campos": {
      "cadastro.canalEntrada": "efXBzn",
      "contato.email": "c@exemplo.test",
      "contato.telefone": "YULjLM",
      "endereco.cep": "MosTMZ",
      "endereco.cidade": "xjeduE",
      "endereco.uf": "SP",
    },
    "caso": 48,
    "origem": "provedor:birô",
    "saida": "REVISAR",
    "tipoPessoa": "J",
  },
  {
    "campos": {
      "cadastro.canalEntrada": "xHkBoV",
      "contato.email": "c@exemplo.test",
      "contato.telefone": "lBJRHK",
      "endereco.cep": "gCQvJc",
      "endereco.cidade": "dAscyL",
      "endereco.uf": "RJ",
    },
    "caso": 49,
    "origem": "cliente:app",
    "saida": "REVISAR",
    "tipoPessoa": "F",
  },
  {
    "campos": {
      "cadastro.canalEntrada": "SNqaau",
      "cadastro.nome": "BtHzIf",
      "contato.email": "b@bol.com.br",
      "contato.telefone": "YxPaYm",
      "endereco.cep": "hUAups",
      "endereco.cidade": "EYAKDk",
    },
    "caso": 50,
    "origem": undefined,
    "saida": "REVISAR",
    "tipoPessoa": "F",
  },
  {
    "campos": {
      "cadastro.canalEntrada": "StNkal",
      "contato.telefone": "WWwVhH",
      "endereco.uf": "RJ",
    },
    "caso": 51,
    "origem": "provedor:birô",
    "saida": "INAPTO",
    "tipoPessoa": "F",
  },
  {
    "campos": {
      "cadastro.canalEntrada": "qeHAKc",
      "cadastro.nome": "OaeIgc",
      "contato.telefone": "LCVrTF",
      "endereco.cidade": "CkryVu",
      "endereco.uf": "BA",
    },
    "caso": 52,
    "origem": "cliente:app",
    "saida": "REVISAR",
    "tipoPessoa": "F",
  },
  {
    "campos": {
      "contato.email": "b@bol.com.br",
      "contato.telefone": "IYCAlb",
      "endereco.cep": "EYNCgX",
      "endereco.cidade": "Vhqhfd",
    },
    "caso": 53,
    "origem": "provedor:birô",
    "saida": "INAPTO",
    "tipoPessoa": "F",
  },
  {
    "campos": {
      "cadastro.canalEntrada": "UbfUCG",
      "cadastro.nome": "cZOhzV",
      "contato.email": "b@bol.com.br",
      "endereco.cep": "IcOSwi",
      "endereco.cidade": "BDzXHK",
    },
    "caso": 54,
    "origem": "cliente:app",
    "saida": "REVISAR",
    "tipoPessoa": "F",
  },
  {
    "campos": {
      "cadastro.canalEntrada": "eMwTgE",
      "cadastro.nome": "lYwHpN",
      "contato.email": "a@hotmail.com",
      "contato.telefone": "cKmeoI",
      "endereco.cep": "Dnkynl",
      "endereco.cidade": "abXLnV",
    },
    "caso": 55,
    "origem": undefined,
    "saida": "APTO",
    "tipoPessoa": "J",
  },
  {
    "campos": {
      "contato.email": "c@exemplo.test",
      "endereco.cidade": "lgaNYc",
    },
    "caso": 56,
    "origem": "cliente:app",
    "saida": "INAPTO",
    "tipoPessoa": "F",
  },
  {
    "campos": {
      "cadastro.nome": "LKdHgn",
      "contato.telefone": "PmQSty",
      "endereco.uf": "SP",
    },
    "caso": 57,
    "origem": "cliente:app",
    "saida": "INAPTO",
    "tipoPessoa": "F",
  },
  {
    "campos": {
      "cadastro.canalEntrada": "tTMdnU",
      "contato.email": "c@exemplo.test",
      "endereco.cep": "qxALAK",
      "endereco.cidade": "RIOcGh",
      "endereco.uf": "BA",
    },
    "caso": 58,
    "origem": "cliente:app",
    "saida": "REVISAR",
    "tipoPessoa": "F",
  },
  {
    "campos": {
      "cadastro.nome": "oHpdAq",
      "contato.email": "b@bol.com.br",
      "endereco.cep": "AeDOmU",
      "endereco.cidade": "BJZGIl",
      "endereco.uf": "BA",
    },
    "caso": 59,
    "origem": "provedor:birô",
    "saida": "INAPTO",
    "tipoPessoa": "F",
  },
  {
    "campos": {
      "cadastro.canalEntrada": "TUzQLr",
      "cadastro.nome": "QGNdnd",
      "contato.telefone": "xQurrU",
      "endereco.cep": "mBbKiK",
      "endereco.cidade": "cVmEwr",
      "endereco.uf": "RR",
    },
    "caso": 60,
    "origem": undefined,
    "saida": "REVISAR",
    "tipoPessoa": "F",
  },
]
`;
